Resolving dependencies...
Downloading packages...
  _fe_analyzer_shared 67.0.0 (104.0.0 available)
  analyzer 6.4.1 (14.0.0 available)
  build 2.4.1 (4.0.6 available)
  build_config 1.1.2 (1.3.0 available)
  build_resolvers 2.4.2 (3.0.4 available)
  build_runner 2.4.13 (2.15.0 available)
  build_runner_core 7.3.2 (9.3.2 available)
  cli_util 0.4.2 (0.5.1 available)
  dart_style 2.3.6 (3.1.9 available)
  flutter_lints 4.0.0 (6.0.0 available)
  lints 4.0.0 (6.1.0 available)
  matcher 0.12.19 (0.12.20 available)
  meta 1.18.0 (1.18.3 available)
  package_config 2.2.0 (3.0.0 available)
  path_provider_linux 2.2.1 (2.2.2 available)
  shelf_web_socket 2.0.1 (3.0.0 available)
  source_gen 1.5.0 (4.2.3 available)
  source_helper 1.3.5 (1.3.12 available)
  test_api 0.7.11 (0.7.13 available)
  vector_math 2.2.0 (2.4.0 available)
Got dependencies!
20 packages have newer versions incompatible with dependency constraints.
Try `flutter pub outdated` for more information.
00:00 +0: loading C:/Users/LSH/Bible App/korean-bible-app/test/widget_test.dart
00:00 +0: Korean Bible App smoke test
?먥븧??EXCEPTION CAUGHT BY WIDGETS LIBRARY ?왿븧?먥븧?먥븧?먥븧?먥븧?먥븧?먥븧?먥븧?먥븧?먥븧?먥븧?먥븧?먥븧?먥븧?먥븧?먥븧?먥븧?먥븧?먥븧?먥븧?먥븧?먥븧?먥븧?먥븧?먥븧?먥븧?먥븧?먥븧?먥븧?먥븧
The following ProviderNotFoundException was thrown building Consumer<ThemeProvider>(dirty):
Error: Could not find the correct Provider<ThemeProvider> above this Consumer<ThemeProvider> Widget

This happens because you used a `BuildContext` that does not include the provider
of your choice. There are a few common scenarios:

- You added a new provider in your `main.dart` and performed a hot-reload.
  To fix, perform a hot-restart.

- The provider you are trying to read is in a different route.

  Providers are "scoped". So if you insert of provider inside a route, then
  other routes will not be able to access that provider.

- You used a `BuildContext` that is an ancestor of the provider you are trying to read.

  Make sure that Consumer<ThemeProvider> is under your MultiProvider/Provider<ThemeProvider>.
  This usually happens when you are creating a provider and trying to read it immediately.

  For example, instead of:

  ```
  Widget build(BuildContext context) {
    return Provider<Example>(
      create: (_) => Example(),
      // Will throw a ProviderNotFoundError, because `context` is associated
      // to the widget that is the parent of `Provider<Example>`
      child: Text(context.watch<Example>().toString()),
    );
  }
  ```

  consider using `builder` like so:

  ```
  Widget build(BuildContext context) {
    return Provider<Example>(
      create: (_) => Example(),
      // we use `builder` to obtain a new `BuildContext` that has access to the provider
      builder: (context, child) {
        // No longer throws
        return Text(context.watch<Example>().toString());
      }
    );
  }
  ```

If none of these solutions work, consider asking for help on StackOverflow:
https://stackoverflow.com/questions/tagged/flutter

The relevant error-causing widget was:
  Consumer<ThemeProvider>
  Consumer:file:///C:/Users/LSH/Bible%20App/korean-bible-app/lib/main.dart:48:12

When the exception was thrown, this was the stack:
#0      Provider._inheritedElementOf (package:provider/src/provider.dart:377:7)
#1      Provider.of (package:provider/src/provider.dart:327:30)
#2      Consumer.buildWithChild (package:provider/src/consumer.dart:181:16)
#3      SingleChildStatelessWidget.build (package:nested/nested.dart:259:41)
#4      StatelessElement.build (package:flutter/src/widgets/framework.dart:5889:49)
#5      SingleChildStatelessElement.build (package:nested/nested.dart:279:18)
#6      ComponentElement.performRebuild (package:flutter/src/widgets/framework.dart:5817:15)
#7      Element.rebuild (package:flutter/src/widgets/framework.dart:5529:7)
#8      ComponentElement._firstBuild (package:flutter/src/widgets/framework.dart:5799:5)
#9      ComponentElement.mount (package:flutter/src/widgets/framework.dart:5793:5)
#10     SingleChildWidgetElementMixin.mount (package:nested/nested.dart:222:11)
...     Normal element mounting (7 frames)
#17     Element.inflateWidget (package:flutter/src/widgets/framework.dart:4587:20)
#18     Element.updateChild (package:flutter/src/widgets/framework.dart:4053:20)
#19     ComponentElement.performRebuild (package:flutter/src/widgets/framework.dart:5841:16)
#20     Element.rebuild (package:flutter/src/widgets/framework.dart:5529:7)
#21     ProxyElement.update (package:flutter/src/widgets/framework.dart:6149:5)
#22     _InheritedNotifierElement.update (package:flutter/src/widgets/inherited_notifier.dart:108:11)
#23     Element.updateChild (package:flutter/src/widgets/framework.dart:4037:15)
#24     ComponentElement.performRebuild (package:flutter/src/widgets/framework.dart:5841:16)
#25     StatefulElement.performRebuild (package:flutter/src/widgets/framework.dart:5982:11)
#26     Element.rebuild (package:flutter/src/widgets/framework.dart:5529:7)
#27     StatefulElement.update (package:flutter/src/widgets/framework.dart:6007:5)
#28     Element.updateChild (package:flutter/src/widgets/framework.dart:4037:15)
#29     ComponentElement.performRebuild (package:flutter/src/widgets/framework.dart:5841:16)
#30     Element.rebuild (package:flutter/src/widgets/framework.dart:5529:7)
#31     ProxyElement.update (package:flutter/src/widgets/framework.dart:6149:5)
#32     _InheritedNotifierElement.update (package:flutter/src/widgets/inherited_notifier.dart:108:11)
#33     Element.updateChild (package:flutter/src/widgets/framework.dart:4037:15)
#34     ComponentElement.performRebuild (package:flutter/src/widgets/framework.dart:5841:16)
#35     StatefulElement.performRebuild (package:flutter/src/widgets/framework.dart:5982:11)
#36     Element.rebuild (package:flutter/src/widgets/framework.dart:5529:7)
#37     StatefulElement.update (package:flutter/src/widgets/framework.dart:6007:5)
#38     Element.updateChild (package:flutter/src/widgets/framework.dart:4037:15)
#39     ComponentElement.performRebuild (package:flutter/src/widgets/framework.dart:5841:16)
#40     StatefulElement.performRebuild (package:flutter/src/widgets/framework.dart:5982:11)
#41     Element.rebuild (package:flutter/src/widgets/framework.dart:5529:7)
#42     StatefulElement.update (package:flutter/src/widgets/framework.dart:6007:5)
#43     Element.updateChild (package:flutter/src/widgets/framework.dart:4037:15)
#44     ComponentElement.performRebuild (package:flutter/src/widgets/framework.dart:5841:16)
#45     Element.rebuild (package:flutter/src/widgets/framework.dart:5529:7)
#46     ProxyElement.update (package:flutter/src/widgets/framework.dart:6149:5)
#47     Element.updateChild (package:flutter/src/widgets/framework.dart:4037:15)
#48     ComponentElement.performRebuild (package:flutter/src/widgets/framework.dart:5841:16)
#49     StatefulElement.performRebuild (package:flutter/src/widgets/framework.dart:5982:11)
#50     Element.rebuild (package:flutter/src/widgets/framework.dart:5529:7)
#51     StatefulElement.update (package:flutter/src/widgets/framework.dart:6007:5)
#52     Element.updateChild (package:flutter/src/widgets/framework.dart:4037:15)
#53     ComponentElement.performRebuild (package:flutter/src/widgets/framework.dart:5841:16)
#54     Element.rebuild (package:flutter/src/widgets/framework.dart:5529:7)
#55     ProxyElement.update (package:flutter/src/widgets/framework.dart:6149:5)
#56     Element.updateChild (package:flutter/src/widgets/framework.dart:4037:15)
#57     ComponentElement.performRebuild (package:flutter/src/widgets/framework.dart:5841:16)
#58     Element.rebuild (package:flutter/src/widgets/framework.dart:5529:7)
#59     ProxyElement.update (package:flutter/src/widgets/framework.dart:6149:5)
#60     Element.updateChild (package:flutter/src/widgets/framework.dart:4037:15)
#61     _RawViewElement._updateChild (package:flutter/src/widgets/view.dart:481:16)
#62     _RawViewElement.update (package:flutter/src/widgets/view.dart:568:5)
#63     Element.updateChild (package:flutter/src/widgets/framework.dart:4037:15)
#64     ComponentElement.performRebuild (package:flutter/src/widgets/framework.dart:5841:16)
#65     Element.rebuild (package:flutter/src/widgets/framework.dart:5529:7)
#66     StatelessElement.update (package:flutter/src/widgets/framework.dart:5895:5)
#67     Element.updateChild (package:flutter/src/widgets/framework.dart:4037:15)
#68     ComponentElement.performRebuild (package:flutter/src/widgets/framework.dart:5841:16)
#69     StatefulElement.performRebuild (package:flutter/src/widgets/framework.dart:5982:11)
#70     Element.rebuild (package:flutter/src/widgets/framework.dart:5529:7)
#71     StatefulElement.update (package:flutter/src/widgets/framework.dart:6007:5)
#72     Element.updateChild (package:flutter/src/widgets/framework.dart:4037:15)
#73     RootElement._rebuild (package:flutter/src/widgets/binding.dart:2091:16)
#74     RootElement.update (package:flutter/src/widgets/binding.dart:2069:5)
#75     RootElement.performRebuild (package:flutter/src/widgets/binding.dart:2083:7)
#76     Element.rebuild (package:flutter/src/widgets/framework.dart:5529:7)
#77     BuildScope._tryRebuild (package:flutter/src/widgets/framework.dart:2750:15)
#78     BuildScope._flushDirtyElements (package:flutter/src/widgets/framework.dart:2807:11)
#79     BuildOwner.buildScope (package:flutter/src/widgets/framework.dart:3111:18)
#80     AutomatedTestWidgetsFlutterBinding.drawFrame (package:flutter_test/src/binding.dart:2431:19)
#81     RendererBinding._handlePersistentFrameCallback (package:flutter/src/rendering/binding.dart:509:5)
#82     SchedulerBinding._invokeFrameCallback (package:flutter/src/scheduler/binding.dart:1430:15)
#83     SchedulerBinding.handleDrawFrame (package:flutter/src/scheduler/binding.dart:1345:9)
#84     AutomatedTestWidgetsFlutterBinding.pump.<anonymous closure> (package:flutter_test/src/binding.dart:2260:9)
#87     TestAsyncUtils.guard (package:flutter_test/src/test_async_utils.dart:74:41)
#88     AutomatedTestWidgetsFlutterBinding.pump (package:flutter_test/src/binding.dart:2249:27)
#89     WidgetTester.pumpWidget.<anonymous closure> (package:flutter_test/src/widget_tester.dart:598:22)
#92     TestAsyncUtils.guard (package:flutter_test/src/test_async_utils.dart:74:41)
#93     WidgetTester.pumpWidget (package:flutter_test/src/widget_tester.dart:595:27)
#94     main.<anonymous closure> (file:///C:/Users/LSH/Bible%20App/korean-bible-app/test/widget_test.dart:16:18)
#95     testWidgets.<anonymous closure>.<anonymous closure> (package:flutter_test/src/widget_tester.dart:192:29)
<asynchronous suspension>
#96     TestWidgetsFlutterBinding._runTestBody (package:flutter_test/src/binding.dart:1952:5)
<asynchronous suspension>
<asynchronous suspension>
(elided 5 frames from dart:async and package:stack_trace)

?먥븧?먥븧?먥븧?먥븧?먥븧?먥븧?먥븧?먥븧?먥븧?먥븧?먥븧?먥븧?먥븧?먥븧?먥븧?먥븧?먥븧?먥븧?먥븧?먥븧?먥븧?먥븧?먥븧?먥븧?먥븧?먥븧?먥븧?먥븧?먥븧?먥븧?먥븧?먥븧?먥븧?먥븧?먥븧?먥븧?먥븧?먥븧?먥븧?먥븧?먥븧?먥븧?먥븧?먥븧?먥븧?먥븧?먥븧?먥븧?먥븧?먥븧
?먥븧??EXCEPTION CAUGHT BY FLUTTER TEST FRAMEWORK ?왿븧?먥븧?먥븧?먥븧?먥븧?먥븧?먥븧?먥븧?먥븧?먥븧?먥븧?먥븧?먥븧?먥븧?먥븧?먥븧?먥븧?먥븧?먥븧?먥븧?먥븧?먥븧?먥븧?먥븧?먥븧?먥븧??The following TestFailure was thrown running a test:
Expected: exactly one matching candidate
  Actual: _TextWidgetFinder:<Found 0 widgets with text "?쒓뎅???깃꼍": []>
   Which: means none were found but one was expected

When the exception was thrown, this was the stack:
#4      main.<anonymous closure> (file:///C:/Users/LSH/Bible%20App/korean-bible-app/test/widget_test.dart:19:5)
<asynchronous suspension>
#5      testWidgets.<anonymous closure>.<anonymous closure> (package:flutter_test/src/widget_tester.dart:192:15)
<asynchronous suspension>
#6      TestWidgetsFlutterBinding._runTestBody (package:flutter_test/src/binding.dart:1952:5)
<asynchronous suspension>
<asynchronous suspension>
(elided one frame from package:stack_trace)

This was caught by the test expectation on the following line:
  file:///C:/Users/LSH/Bible%20App/korean-bible-app/test/widget_test.dart line 19
The test description was:
  Korean Bible App smoke test
?먥븧?먥븧?먥븧?먥븧?먥븧?먥븧?먥븧?먥븧?먥븧?먥븧?먥븧?먥븧?먥븧?먥븧?먥븧?먥븧?먥븧?먥븧?먥븧?먥븧?먥븧?먥븧?먥븧?먥븧?먥븧?먥븧?먥븧?먥븧?먥븧?먥븧?먥븧?먥븧?먥븧?먥븧?먥븧?먥븧?먥븧?먥븧?먥븧?먥븧?먥븧?먥븧?먥븧?먥븧?먥븧?먥븧?먥븧?먥븧?먥븧?먥븧
?먥븧??EXCEPTION CAUGHT BY FLUTTER TEST FRAMEWORK ?왿븧?먥븧?먥븧?먥븧?먥븧?먥븧?먥븧?먥븧?먥븧?먥븧?먥븧?먥븧?먥븧?먥븧?먥븧?먥븧?먥븧?먥븧?먥븧?먥븧?먥븧?먥븧?먥븧?먥븧?먥븧?먥븧??The following message was thrown:
Multiple exceptions (2) were detected during the running of the current test, and at least one was
unexpected.
?먥븧?먥븧?먥븧?먥븧?먥븧?먥븧?먥븧?먥븧?먥븧?먥븧?먥븧?먥븧?먥븧?먥븧?먥븧?먥븧?먥븧?먥븧?먥븧?먥븧?먥븧?먥븧?먥븧?먥븧?먥븧?먥븧?먥븧?먥븧?먥븧?먥븧?먥븧?먥븧?먥븧?먥븧?먥븧?먥븧?먥븧?먥븧?먥븧?먥븧?먥븧?먥븧?먥븧?먥븧?먥븧?먥븧?먥븧?먥븧?먥븧?먥븧
00:00 +0 -1: Korean Bible App smoke test [E]
  Test failed. See exception logs above.
  The test description was: Korean Bible App smoke test
  
00:00 +0 -1: Some tests failed.

Failing tests:
  C:/Users/LSH/Bible App/korean-bible-app/test/widget_test.dart: Korean Bible App smoke test
